> Task :app:preBuild UP-TO-DATE
> Task :app:preDebugBuild UP-TO-DATE
> Task :app:mergeDebugNativeDebugMetadata NO-SOURCE
> Task :app:checkKotlinGradlePluginConfigurationErrors SKIPPED
> Task :app:generateDebugBuildConfig
> Task :app:processDebugNavigationResources
> Task :app:compileDebugNavigationResources
> Task :app:generateDebugResValues
> Task :app:mapDebugSourceSetPaths
> Task :app:generateDebugResources
> Task :app:checkDebugAarMetadata
> Task :app:packageDebugResources
> Task :app:createDebugCompatibleScreenManifests
> Task :app:extractDeepLinksDebug
> Task :app:parseDebugLocalResources
> Task :app:processDebugMainManifest
> Task :app:processDebugManifest
> Task :app:javaPreCompileDebug
> Task :app:mergeDebugShaders
> Task :app:compileDebugShaders NO-SOURCE
> Task :app:generateDebugAssets UP-TO-DATE
> Task :app:mergeDebugAssets
> Task :app:compressDebugAssets
> Task :app:mergeDebugJniLibFolders
> Task :app:validateSigningDebug
> Task :app:writeDebugAppMetadata
> Task :app:writeDebugSigningConfigVersions
> Task :app:processDebugManifestForPackage
> Task :app:mergeDebugResources
> Task :app:checkDebugDuplicateClasses
> Task :app:mergeLibDexDebug
> Task :app:processDebugResources
> Task :app:mergeDebugNativeLibs
> Task :app:stripDebugDebugSymbols
> Task :app:desugarDebugFileDependencies

> Task :app:compileDebugKotlin FAILED
powershell : e: file:///C:/Projects/Liberta/app/src/main/java/com/liberta/vpn/ui/LibertaUi.kt:880:23 None of the follow
ing candidates is applicable:
At line:1 char:1
+ powershell -ExecutionPolicy Bypass -File tools\gradle.ps1 :app:assemb ...
+ ~~~~~~~~~~~~~~~~~~~~~~~~~~~~~~~~~~~~~~~~~~~~~~~~~~~~~~~~~~~~~~~~~~~~~
    + CategoryInfo          : NotSpecified: (e: file:///C:/P... is applicable::String) [], RemoteException
    + FullyQualifiedErrorId : NativeCommandError
 

fun radialGradient(vararg colorStops: Pair<Float, Color>, center: Offset = ..., radius: Float = ..., tileMode: TileMode
 = ...): Brush:
  No parameter with name 'colors' found.
  No parameter with name 'stops' found.

fun radialGradient(colors: List<Color>, center: Offset = ..., radius: Float = ..., tileMode: TileMode = ...): Brush:
  No parameter with name 'stops' found.
e: file:///C:/Projects/Liberta/app/src/main/java/com/liberta/vpn/ui/LibertaUi.kt:970:23 None of the following candidate
s is applicable:

fun radialGradient(vararg colorStops: Pair<Float, Color>, center: Offset = ..., radius: Float = ..., tileMode: TileMode
 = ...): Brush:
  No parameter with name 'colors' found.
  No parameter with name 'stops' found.

fun radialGradient(colors: List<Color>, center: Offset = ..., radius: Float = ..., tileMode: TileMode = ...): Brush:
  No parameter with name 'stops' found.
e: file:///C:/Projects/Liberta/app/src/main/java/com/liberta/vpn/ui/LibertaUi.kt:1221:25 Unresolved reference 'dockShap
e'.
e: file:///C:/Projects/Liberta/app/src/main/java/com/liberta/vpn/ui/LibertaUi.kt:1226:19 Unresolved reference 'dockShap
e'.
e: file:///C:/Projects/Liberta/app/src/main/java/com/liberta/vpn/ui/LibertaUi.kt:1229:17 Unresolved reference 'rootCent
er'.
e: file:///C:/Projects/Liberta/app/src/main/java/com/liberta/vpn/ui/LibertaUi.kt:1242:43 Unresolved reference 'PointerE
ventType'.
e: file:///C:/Projects/Liberta/app/src/main/java/com/liberta/vpn/ui/LibertaUi.kt:1242:82 Unresolved reference 'PointerE
ventType'.
e: file:///C:/Projects/Liberta/app/src/main/java/com/liberta/vpn/ui/LibertaUi.kt:1243:43 Unresolved reference 'PointerE
ventType'.
e: file:///C:/Projects/Liberta/app/src/main/java/com/liberta/vpn/ui/LibertaUi.kt:1243:85 Unresolved reference 'PointerE
ventType'.
e: file:///C:/Projects/Liberta/app/src/main/java/com/liberta/vpn/ui/LibertaUi.kt:1558:23 None of the following candidat
es is applicable:

fun radialGradient(vararg colorStops: Pair<Float, Color>, center: Offset = ..., radius: Float = ..., tileMode: TileMode
 = ...): Brush:
  No parameter with name 'colors' found.
  No parameter with name 'stops' found.

fun radialGradient(colors: List<Color>, center: Offset = ..., radius: Float = ..., tileMode: TileMode = ...): Brush:
  No parameter with name 'stops' found.
e: file:///C:/Projects/Liberta/app/src/main/java/com/liberta/vpn/ui/LibertaUi.kt:1630:23 None of the following candidat
es is applicable:

fun radialGradient(vararg colorStops: Pair<Float, Color>, center: Offset = ..., radius: Float = ..., tileMode: TileMode
 = ...): Brush:
  No parameter with name 'colors' found.
  No parameter with name 'stops' found.

fun radialGradient(colors: List<Color>, center: Offset = ..., radius: Float = ..., tileMode: TileMode = ...): Brush:
  No parameter with name 'stops' found.
e: file:///C:/Projects/Liberta/app/src/main/java/com/liberta/vpn/ui/LibertaUi.kt:2016:32 Unresolved reference 'errorBea
t'.

> Task :app:mergeExtDexDebug

[Incubating] Problems report is available at: file:///C:/Projects/Liberta/build/reports/problems/problems-report.html

FAILURE: Build failed with an exception.

* What went wrong:
Execution failed for task ':app:compileDebugKotlin'.
> A failure occurred while executing org.jetbrains.kotlin.compilerRunner.GradleCompilerRunnerWithWorkers$GradleKotlinCo
mpilerWorkAction
   > Compilation error. See log for more details

* Try:
> Run with --stacktrace option to get the stack trace.
> Run with --info or --debug option to get more log output.
> Run with --scan to get full insights.
> Get more help at https://help.gradle.org.

Deprecated Gradle features were used in this build, making it incompatible with Gradle 9.0.

You can use '--warning-mode all' to show the individual deprecation warnings and determine if they come from your own scripts or plugins.

For more on this, please refer to https://docs.gradle.org/8.13/userguide/command_line_interface.html#sec:command_line_warnings in the Gradle documentation.

BUILD FAILED in 34s
31 actionable tasks: 31 executed
