> Task :app:checkKotlinGradlePluginConfigurationErrors SKIPPED
> Task :app:preBuild UP-TO-DATE
> Task :app:preDebugBuild UP-TO-DATE
> Task :app:generateDebugBuildConfig UP-TO-DATE
> Task :app:checkDebugAarMetadata UP-TO-DATE
> Task :app:processDebugNavigationResources UP-TO-DATE
> Task :app:compileDebugNavigationResources UP-TO-DATE
> Task :app:generateDebugResValues UP-TO-DATE
> Task :app:mapDebugSourceSetPaths UP-TO-DATE
> Task :app:generateDebugResources UP-TO-DATE
> Task :app:mergeDebugResources UP-TO-DATE
> Task :app:packageDebugResources UP-TO-DATE
> Task :app:parseDebugLocalResources UP-TO-DATE
> Task :app:createDebugCompatibleScreenManifests UP-TO-DATE
> Task :app:extractDeepLinksDebug UP-TO-DATE
> Task :app:processDebugMainManifest UP-TO-DATE
> Task :app:processDebugManifest UP-TO-DATE
> Task :app:processDebugManifestForPackage UP-TO-DATE
> Task :app:processDebugResources UP-TO-DATE

> Task :app:compileDebugKotlin
powershell : e: file:///C:/Projects/Liberta/app/src/main/java/com/liberta/vpn/ui/LibertaUi.kt:522:13 No parameter with 
name 'onFusionDrop' found.
At line:1 char:1
+ powershell -ExecutionPolicy Bypass -File tools\gradle.ps1 :app:compil ...
+ ~~~~~~~~~~~~~~~~~~~~~~~~~~~~~~~~~~~~~~~~~~~~~~~~~~~~~~~~~~~~~~~~~~~~~
    + CategoryInfo          : NotSpecified: (e: file:///C:/P...ionDrop' found.:String) [], RemoteException
    + FullyQualifiedErrorId : NativeCommandError
 
e: file:///C:/Projects/Liberta/app/src/main/java/com/liberta/vpn/ui/LibertaUi.kt:522:28 Unresolved reference 'onFusionD
rop'.
e: file:///C:/Projects/Liberta/app/src/main/java/com/liberta/vpn/ui/LibertaUi.kt:878:23 None of the following candidate
s is applicable:

fun radialGradient(vararg colorStops: Pair<Float, Color>, center: Offset = ..., radius: Float = ..., tileMode: TileMode
 = ...): Brush:
  No parameter with name 'colors' found.
  No parameter with name 'stops' found.

fun radialGradient(colors: List<Color>, center: Offset = ..., radius: Float = ..., tileMode: TileMode = ...): Brush:
  No parameter with name 'stops' found.
e: file:///C:/Projects/Liberta/app/src/main/java/com/liberta/vpn/ui/LibertaUi.kt:968:23 None of the following candidate
s is applicable:

fun radialGradient(vararg colorStops: Pair<Float, Color>, center: Offset = ..., radius: Float = ..., tileMode: TileMode
 = ...): Brush:
  No parameter with name 'colors' found.
  No parameter with name 'stops' found.

fun radialGradient(colors: List<Color>, center: Offset = ..., radius: Float = ..., tileMode: TileMode = ...): Brush:
  No parameter with name 'stops' found.
e: file:///C:/Projects/Liberta/app/src/main/java/com/liberta/vpn/ui/LibertaUi.kt:1219:25 Unresolved reference 'dockShap
e'.
e: file:///C:/Projects/Liberta/app/src/main/java/com/liberta/vpn/ui/LibertaUi.kt:1224:19 Unresolved reference 'dockShap
e'.
e: file:///C:/Projects/Liberta/app/src/main/java/com/liberta/vpn/ui/LibertaUi.kt:1227:17 Unresolved reference 'rootCent
er'.
e: file:///C:/Projects/Liberta/app/src/main/java/com/liberta/vpn/ui/LibertaUi.kt:1240:43 Unresolved reference 'PointerE
ventType'.
e: file:///C:/Projects/Liberta/app/src/main/java/com/liberta/vpn/ui/LibertaUi.kt:1240:82 Unresolved reference 'PointerE
ventType'.
e: file:///C:/Projects/Liberta/app/src/main/java/com/liberta/vpn/ui/LibertaUi.kt:1241:43 Unresolved reference 'PointerE
ventType'.
e: file:///C:/Projects/Liberta/app/src/main/java/com/liberta/vpn/ui/LibertaUi.kt:1241:85 Unresolved reference 'PointerE
ventType'.
e: file:///C:/Projects/Liberta/app/src/main/java/com/liberta/vpn/ui/LibertaUi.kt:1556:23 None of the following candidat
es is applicable:

fun radialGradient(vararg colorStops: Pair<Float, Color>, center: Offset = ..., radius: Float = ..., tileMode: TileMode
 = ...): Brush:
  No parameter with name 'colors' found.
  No parameter with name 'stops' found.

fun radialGradient(colors: List<Color>, center: Offset = ..., radius: Float = ..., tileMode: TileMode = ...): Brush:
  No parameter with name 'stops' found.
e: file:///C:/Projects/Liberta/app/src/main/java/com/liberta/vpn/ui/LibertaUi.kt:1628:23 None of the following candidat
es is applicable:

fun radialGradient(vararg colorStops: Pair<Float, Color>, center: Offset = ..., radius: Float = ..., tileMode: TileMode
 = ...): Brush:
  No parameter with name 'colors' found.
  No parameter with name 'stops' found.

fun radialGradient(colors: List<Color>, center: Offset = ..., radius: Float = ..., tileMode: TileMode = ...): Brush:
  No parameter with name 'stops' found.
e: file:///C:/Projects/Liberta/app/src/main/java/com/liberta/vpn/ui/LibertaUi.kt:2011:32 Unresolved reference 'errorBea
t'.
e: file:///C:/Projects/Liberta/app/src/main/java/com/liberta/vpn/ui/LibertaUi.kt:2148:13 Unresolved reference 'fusionPr
ogress'.
e: file:///C:/Projects/Liberta/app/src/main/java/com/liberta/vpn/ui/LibertaUi.kt:2149:30 Unresolved reference 'fusionOr
igin'.
e: file:///C:/Projects/Liberta/app/src/main/java/com/liberta/vpn/ui/LibertaUi.kt:2149:109 Unresolved reference 'fusionO
rigin'.
e: file:///C:/Projects/Liberta/app/src/main/java/com/liberta/vpn/ui/LibertaUi.kt:2151:41 Unresolved reference 'fusionPr
ogress'.
e: file:///C:/Projects/Liberta/app/src/main/java/com/liberta/vpn/ui/LibertaUi.kt:2152:30 Unresolved reference 'fusionPr
ogress'.
e: file:///C:/Projects/Liberta/app/src/main/java/com/liberta/vpn/ui/LibertaUi.kt:2156:25 Unresolved reference. None of 
the following candidates is applicable because of a receiver type mismatch:
fun ConnectionMethod.fusionTint(): Color
e: file:///C:/Projects/Liberta/app/src/main/java/com/liberta/vpn/ui/LibertaUi.kt:2157:25 Unresolved reference. None of 
the following candidates is applicable because of a receiver type mismatch:
fun ConnectionMethod.fusionTint(): Color
e: file:///C:/Projects/Liberta/app/src/main/java/com/liberta/vpn/ui/LibertaUi.kt:2167:25 Unresolved reference. None of 
the following candidates is applicable because of a receiver type mismatch:
fun ConnectionMethod.fusionTint(): Color
e: file:///C:/Projects/Liberta/app/src/main/java/com/liberta/vpn/ui/LibertaUi.kt:2170:61 Unresolved reference 'fusionPr
ogress'.

> Task :app:compileDebugKotlin FAILED

[Incubating] Problems report is available at: file:///C:/Projects/Liberta/build/reports/problems/problems-report.html

FAILURE: Build failed with an exception.

* What went wrong:
Execution failed for task ':app:compileDebugKotlin'.
> A failure occurred while executing org.jetbrains.kotlin.compilerRunner.GradleCompilerRunnerWithWorkers$GradleKotlinCo
mpilerWorkAction
   > Compilation error. See log for more details

* Try:
> Run with --stacktrace option to get the stack trace.
> Run with --info or --debug option to get more log output.
> Run with --scan to get full insights.
> Get more help at https://help.gradle.org.

Deprecated Gradle features were used in this build, making it incompatible with Gradle 9.0.

You can use '--warning-mode all' to show the individual deprecation warnings and determine if they come from your own scripts or plugins.

For more on this, please refer to https://docs.gradle.org/8.13/userguide/command_line_interface.html#sec:command_line_warnings in the Gradle documentation.

BUILD FAILED in 8s
17 actionable tasks: 1 executed, 16 up-to-date
